(string) (len=12) "%Max.Muster%"
(string) (len=3) "Max"
