(string) (len=10) "%mus\\%ter%"
(string) (len=7) "%m\\_ax%"
