(string) (len=37) "https://example.org/users/123/profile"
