(string) (len=52) "{\"status\":404,\"title\":\"Not Found\",\"type\":\"generic\"}\n"
