(string) (len=181) "<html><body><h1>Page Not Found</h1><p>The page you are looking for does not exist. Did you mean to visit <a href=\"http://localhost:3000\">http://localhost:3000</a>?</p></body></html>"
